
> react-kavia@0.1.0 start
> cross-env EDIT_MODE=true webpack serve --config .ve/webpack.config.js --mode development

<i> [webpack-dev-server] Project is running at:
<i> [webpack-dev-server] Loopback: http://localhost:3000/, http://[::1]:3000/
<i> [webpack-dev-server] On Your Network (IPv4): http://172.17.0.2:3000/
<i> [webpack-dev-server] Content not from webpack is served from './public' directory
Injecting EditorRootWrapper import: ../.ve/EditorRootWrapper
asset bundle.js 1.41 MiB [emitted] (name: main)
asset index.html 1.92 KiB [emitted]
runtime modules 27.5 KiB 14 modules
modules by path ./node_modules/ 1.24 MiB 31 modules
modules by path ./src/ 28.9 KiB
  modules by path ./src/*.css 7.49 KiB 4 modules
  modules by path ./src/*.js 21.4 KiB
    ./src/index.js 530 bytes [built] [code generated]
    + 2 modules
modules by path ./.ve/ 15.1 KiB
  modules by path ./.ve/*.js 10.6 KiB
    ./.ve/EditorRootWrapper.js 2.68 KiB [built] [code generated]
    ./.ve/SidePanel.js 7.93 KiB [built] [code generated]
  modules by path ./.ve/*.css 2.93 KiB
    ./.ve/EditorOverlay.css 2.25 KiB [built] [code generated]
    ./node_modules/css-loader/dist/cjs.js!./.ve/EditorOverlay.css 697 bytes [built] [code generated]
  ./.ve/EditorOverlay.jsx 1.58 KiB [built] [code generated]
webpack 5.99.9 compiled successfully in 1533 ms
assets by status 1.92 KiB [cached] 1 asset
assets by path *.js 1.42 MiB
  asset bundle.js 1.42 MiB [emitted] (name: main)
  asset main.9ec8e5a4de4d0444509d.hot-update.js 6.02 KiB [emitted] [immutable] [hmr] (name: main)
asset main.9ec8e5a4de4d0444509d.hot-update.json 28 bytes [emitted] [immutable] [hmr]
Entrypoint main 1.42 MiB = bundle.js 1.42 MiB main.9ec8e5a4de4d0444509d.hot-update.js 6.02 KiB
cached modules 1.28 MiB [cached] 42 modules
runtime modules 27.5 KiB 14 modules
./node_modules/css-loader/dist/cjs.js!./src/App.css 3.51 KiB [built] [code generated]
webpack 5.99.9 compiled successfully in 114 ms
assets by status 1.92 KiB [cached] 1 asset
assets by path *.js 1.44 MiB
  asset bundle.js 1.42 MiB [emitted] (name: main)
  asset main.981f1bbe7ea6c20ec88b.hot-update.js 25.3 KiB [emitted] [immutable] [hmr] (name: main)
asset main.981f1bbe7ea6c20ec88b.hot-update.json 28 bytes [emitted] [immutable] [hmr]
Entrypoint main 1.44 MiB = bundle.js 1.42 MiB main.981f1bbe7ea6c20ec88b.hot-update.js 25.3 KiB
cached modules 1.26 MiB [cached] 42 modules
runtime modules 27.5 KiB 14 modules
./src/RegGuideMainContainer.js 19.6 KiB [built] [code generated]
webpack 5.99.9 compiled successfully in 135 ms
assets by status 1.92 KiB [cached] 1 asset
assets by path *.js 1.44 MiB
  asset bundle.js 1.42 MiB [emitted] (name: main)
  asset main.4cee01b16751027dab56.hot-update.js 26.7 KiB [emitted] [immutable] [hmr] (name: main)
asset main.4cee01b16751027dab56.hot-update.json 28 bytes [emitted] [immutable] [hmr]
Entrypoint main 1.44 MiB = bundle.js 1.42 MiB main.4cee01b16751027dab56.hot-update.js 26.7 KiB
cached modules 1.26 MiB [cached] 42 modules
runtime modules 27.5 KiB 14 modules
./src/RegGuideMainContainer.js 20.8 KiB [built] [code generated]
webpack 5.99.9 compiled successfully in 97 ms
assets by status 1.92 KiB [cached] 1 asset
assets by path *.js 1.44 MiB
  asset bundle.js 1.42 MiB [emitted] (name: main)
  asset main.0408b8d6413a4aa67c39.hot-update.js 27.2 KiB [emitted] [immutable] [hmr] (name: main)
asset main.0408b8d6413a4aa67c39.hot-update.json 28 bytes [emitted] [immutable] [hmr]
Entrypoint main 1.44 MiB = bundle.js 1.42 MiB main.0408b8d6413a4aa67c39.hot-update.js 27.2 KiB
cached modules 1.26 MiB [cached] 42 modules
runtime modules 27.5 KiB 14 modules
./src/RegGuideMainContainer.js 21.3 KiB [built] [code generated]
webpack 5.99.9 compiled successfully in 147 ms
assets by status 1.92 KiB [cached] 1 asset
assets by path *.js 1.42 MiB
  asset bundle.js 1.41 MiB [emitted] (name: main)
  asset main.afccc5449e4a90ee5183.hot-update.js 2.18 KiB [emitted] [immutable] [hmr] (name: main)
asset main.afccc5449e4a90ee5183.hot-update.json 28 bytes [emitted] [immutable] [hmr]
Entrypoint main 1.42 MiB = bundle.js 1.41 MiB main.afccc5449e4a90ee5183.hot-update.js 2.18 KiB
cached modules 1.28 MiB [cached] 41 modules
runtime modules 27.5 KiB 14 modules
javascript modules 2.26 KiB
  ./src/App.css 2.22 KiB [code generated]
  ./node_modules/css-loader/dist/cjs.js!./src/App.css 39 bytes [built] [code generated] [1 error]

ERROR in ./src/App.css (./node_modules/css-loader/dist/cjs.js!./src/App.css)
Module build failed (from ./node_modules/css-loader/dist/cjs.js):

SyntaxError

(15:64) /home/kavia/workspace/code-generation/regguide-interactive-faq-38682-247f680e/regguide_interactive_faq/src/App.css Unknown word

  13 |    Build error due to PUBLIC_URL is not caused by this file. */-/* No changes, just force write to trigger linter/build re-run.
  14 |    Build error due to PUBLIC_URL is not caused by this file. */-/* No changes, just force write to trigger linter/build re-run.
> 15 |    Build error due to PUBLIC_URL is not caused by this file. */b/* No changes, just force write to trigger linter/build re-run.
     |                                                                ^
  16 |    Build error due to PUBLIC_URL is not caused by this file. */a/* No changes, just force write to trigger linter/build re-run.
  17 |    Build error due to PUBLIC_URL is not caused by this file. */s/* No changes, just force write to trigger linter/build re-run.
 @ ./src/App.css 8:6-97 20:17-24 24:7-21 50:25-39 51:36-47 51:50-64 55:6-65:7 56:54-65 56:68-82 62:42-53 62:56-70 64:21-28 75:0-67 75:0-67 76:22-29 76:33-47 76:50-64 53:4-66:5
 @ ./src/App.js 2:0-19
 @ ./src/index.js 5:0-24 11:32-35

webpack 5.99.9 compiled with 1 error in 39 ms
assets by status 1.92 KiB [cached] 1 asset
assets by path *.js 1.42 MiB
  asset bundle.js 1.42 MiB [emitted] (name: main)
  asset main.81a912ccff9b5ef2518f.hot-update.js 6.03 KiB [emitted] [immutable] [hmr] (name: main)
asset main.81a912ccff9b5ef2518f.hot-update.json 28 bytes [emitted] [immutable] [hmr]
Entrypoint main 1.42 MiB = bundle.js 1.42 MiB main.81a912ccff9b5ef2518f.hot-update.js 6.03 KiB
cached modules 1.28 MiB [cached] 41 modules
runtime modules 27.5 KiB 14 modules
javascript modules 5.73 KiB
  ./src/App.css 2.22 KiB [code generated]
  ./node_modules/css-loader/dist/cjs.js!./src/App.css 3.51 KiB [built] [code generated]
webpack 5.99.9 compiled successfully in 46 ms
